../Drivers/BSP/STM32U083C-DK/stm32u083c_discovery.c:149:9:BSP_GetVersion	8	static
../Drivers/BSP/STM32U083C-DK/stm32u083c_discovery.c:158:16:BSP_GetBoardName	8	static
../Drivers/BSP/STM32U083C-DK/stm32u083c_discovery.c:167:16:BSP_GetBoardID	8	static
../Drivers/BSP/STM32U083C-DK/stm32u083c_discovery.c:181:9:BSP_LED_Init	56	static
../Drivers/BSP/STM32U083C-DK/stm32u083c_discovery.c:229:9:BSP_LED_DeInit	48	static
../Drivers/BSP/STM32U083C-DK/stm32u083c_discovery.c:258:9:BSP_LED_On	24	static
../Drivers/BSP/STM32U083C-DK/stm32u083c_discovery.c:283:9:BSP_LED_Off	24	static
../Drivers/BSP/STM32U083C-DK/stm32u083c_discovery.c:308:9:BSP_LED_Toggle	24	static
../Drivers/BSP/STM32U083C-DK/stm32u083c_discovery.c:333:9:BSP_LED_GetState	24	static
../Drivers/BSP/STM32U083C-DK/stm32u083c_discovery.c:361:9:BSP_PB_Init	48	static
../Drivers/BSP/STM32U083C-DK/stm32u083c_discovery.c:415:9:BSP_PB_DeInit	48	static
../Drivers/BSP/STM32U083C-DK/stm32u083c_discovery.c:441:9:BSP_PB_GetState	16	static
../Drivers/BSP/STM32U083C-DK/stm32u083c_discovery.c:451:6:BSP_PB_IRQHandler	16	static
../Drivers/BSP/STM32U083C-DK/stm32u083c_discovery.c:461:13:BSP_PB_Callback	16	static
../Drivers/BSP/STM32U083C-DK/stm32u083c_discovery.c:473:13:BUTTON_USER_EXTI_Callback	8	static
